[Map]
author=Grill
image=Grill's Galaxy.bmp
wrap=yes
scroll=horizontal
warn=no

[Continents]
Desmol Planets=3
Dead Planets=4
Heavenly Planets=7
Space Routes=10

[Territories]
Desmol A (Spaceport),205,564,Desmol Planets,Desmol B,Desmol D,Desmol-Harrat
Desmol B,144,638,Desmol Planets,Desmol A (Spaceport),Desmol C
Desmol C,176,748,Desmol Planets,Desmol B,Desmol D
Desmol D,260,651,Desmol Planets,Desmol A (Spaceport),Desmol C

East Wesblonn,837,133,Dead Planets,West Wesblonn,Zajmar-Wesblonn
West Wesblonn,772,111,Dead Planets,East Wesblonn,Kelnasto-Wesblonn
North Zajmar,967,397,Dead Planets,South Zajmar,Zajmar-Wesblonn
South Zajmar,954,450,Dead Planets,North Zajmar,Zajmar-Cohjwence

North Harratt,177,153,Heavenly Planets,East Harratt,Harratt Spaceport
East Harratt,98,243,Heavenly Planets,North Harratt,Harratt Spaceport
Harratt Spaceport,196,283,Heavenly Planets,North Harratt,East Harratt,Kelnasto-Harratt,Desmol-Harrat
East Kelnasto,571,400,Heavenly Planets,West Kelnasto,Kelnasto-Wesblonn,Kelnasto-Cohjwence
West Kelnasto,516,395,Heavenly Planets,East Kelnasto,Kelnasto-Harratt
East Cohjwence,748,708,Heavenly Planets,West Cohjwence,Zajmar-Cohjwence
West Cohjwence,679,705,Heavenly Planets,East Cohjwence,Desmol-Cohjwence,Kelnasto-Cohjwence

Zajmar-Cohjwence,869,581,Space Routes,South Zajmar,East Cohjwence
Zajmar-Wesblonn,883,292,Space Routes,East Wesblonn,North Zajmar
Kelnasto-Wesblonn,669,285,Space Routes,West Wesblonn,East Kelnasto
Kelnasto-Cohjwence,619,538,Space Routes,East Kelnasto,West Cohjwence
Kelnasto-Harratt,368,320,Space Routes,Harratt Spaceport,West Kelnasto
Desmol-Harrat,175,441,Space Routes,Desmol A (Spaceport),Harratt Spaceport
Desmol-Cohjwence,460,709,Space Routes,Desmol D,Desmol C,West Cohjwence

