[Map]
author=Jon Manning
image=Sea Land Air.bmp
wrap=no
scroll=none
warn=yes

[Continents]
Minnetonka=3
White Bear Lake=2
Itasca=3
Pine Island=1
Calhoun=1
Rochester=2
Superior=2
Cannon Falls=1
Lake City=2
Salems Corner=2
Grand Marais=1
St Cloud=2
Mankato=3
Red Lake=2

[Territories]

MTKA,50,24,Minnetonka,MTKB,MTKK
MTKB,62,56,Minnetonka,MTKA,MTKC,MTKK
MTKC,83,138,Minnetonka,MTKB,MTKK,MTKJ,MTKI,MTKF,MTKE,MTKD,GME,SUPJ
MTKD,23,206,Minnetonka,MTKC,MTKE
MTKE,48,295,Minnetonka,MTKC,MTKD,MTKF,WBLA,WBLB
MTKF,146,286,Minnetonka,MTKC,MTKE,MTKG,MTKI,WBLB,WBLC
MTKG,234,310,Minnetonka,MTKF,MTKH,MTKI,WBLC,WBLD,WBLE
MTKH,307,309,Minnetonka,MTKG,MTKI,WBLE
MTKI,253,242,Minnetonka,MTKC,MTKF,MTKG,MTKH,MTKJ,RLE,ITAP,CALI,STCE,LCA
MTKJ,224,158,Minnetonka,MTKC,MTKI,MTKK
MTKK,166,70,Minnetonka,MTKA,MTKB,MTKC,RLH,MTKJ

WBLA,28,429,White Bear Lake,WBLB,WBLH,MTKE
WBLB,94,414,White Bear Lake,WBLA,WBLC,WBLH,WBLG,MTKE,MTKF,RLM,CFD
WBLC,161,406,White Bear Lake,WBLB,WBLD,WBLB,MTKF,MTKG,WBLG
WBLD,224,405,White Bear Lake,WBLC,WBLE,WBLF,WBLG,MTKG
WBLE,290,405,White Bear Lake,WBLD,WBLF,MTKG,MTKH
WBLF,250,507,White Bear Lake,WBLD,WBLE,WBLG,ITAR
WBLG,159,498,White Bear Lake,WBLB,WBLC,WBLD,WBLF,WBLH,ITAM,ITAL
WBLH,51,502,White Bear Lake,WBLA,WBLB,ITAA,ITAL,WBLG

ITAA,29,563,Itasca,ITAB,ITAL,WBLH
ITAB,29,605,Itasca,ITAA,ITAC,ITAK
ITAC,29,647,Itasca,ITAB,ITAD,ITAJ
ITAD,29,685,Itasca,ITAC,ITAI,ITAE
ITAE,29,729,Itasca,ITAD,ITAF,ITAH
ITAF,29,777,Itasca,ITAE,ITAG
ITAG,101,777,Itasca,ITAF,ITAH,ITAO
ITAH,100,731,Itasca,ITAE,ITAG,ITAI,ITAO
ITAI,100,686,Itasca,ITAD,ITAH,ITAJ,ITAN
ITAJ,99,648,Itasca,ITAC,ITAI,ITAK,ITAN
ITAK,99,610,Itasca,ITAB,ITAJ,ITAL,ITAM
ITAL,98,566,Itasca,ITAA,ITAK,ITAM,WBLG,WBLH
ITAM,165,591,Itasca,ITAK,ITAL,ITAN,ITAR,WBLG
ITAN,173,669,Itasca,ITAI,ITAJ,ITAM,ITAR,ITAO,ITAQ
ITAO,171,756,Itasca,ITAG,ITAH,ITAN,ITAP,ITAQ
ITAP,242,776,Itasca,ITAO,ITAQ,MTKI,CALI,STCE,LCA
ITAQ,235,718,Itasca,ITAN,ITAO,ITAP,ITAR
ITAR,229,614,Itasca,ITAM,ITAN,ITAQ,PIG,WBLF

PIA,379,488,Pine Island,PIB,PIC,CALF
PIB,357,533,Pine Island,PIA,PIC,PIE,PIF
PIC,393,531,Pine Island,PIA,PIB,PID,PIE
PID,402,575,Pine Island,PIC,PIE,PIH
PIE,370,567,Pine Island,PIB,PIC,PID,PIF,PIH
PIF,340,594,Pine Island,PIB,PIE,PIG
PIG,355,636,Pine Island,PIF,PIH,PII,ITAR
PIH,384,612,Pine Island,PID,PIE,PIG
PII,388,709,Pine Island,PIG,PIJ,ROCA
PIJ,369,731,Pine Island,PII

CALA,582,593,Calhoun,CALB,CALI,CALH,CFE,CFF,ROCF,ROCG
CALB,558,544,Calhoun,CALA,CALC,CALD,CALH,CALG,CFE
CALC,554,484,Calhoun,CALB,CALD,CALE,LCF
CALD,525,497,Calhoun,CALB,CALC,CALE,CALG,CALF
CALE,525,441,Calhoun,CALC,CALD,CALF,LCB,LCC,LCF
CALF,476,462,Calhoun,CALD,CALE,CALG,PIA,LCA,LCB
CALG,487,524,Calhoun,CALB,CALD,CALF,CALH
CALH,488,581,Calhoun,CALA,CALB,CALG,CALI
CALI,487,638,Calhoun,CALH,CALA,ROCA,ITAP,MTKI,LCA,STCE

ROCA,506,694,Rochester,ROCB,ROCF,CALI,PII
ROCB,540,740,Rochester,ROCA,ROCC,ROCF,ROCE
ROCC,569,779,Rochester,ROCB,ROCD,ROCE
ROCD,655,780,Rochester,ROCC,ROCE,ROCI,ROCJ
ROCE,631,746,Rochester,ROCB,ROCC,ROCI,ROCF,ROCD
ROCF,592,682,Rochester,ROCA,ROCB,ROCE,ROCG,ROCH,CALA
ROCG,666,656,Rochester,ROCF,ROCH,ROCL,CALA,CFF
ROCH,691,695,Rochester,ROCF,ROCG,ROCI,ROCK
ROCI,709,737,Rochester,ROCD,ROCE,ROCH,ROCK,ROCJ
ROCJ,747,774,Rochester,ROCD,ROCI,SUPA
ROCK,748,692,Rochester,ROCI,ROCH,ROCL,SUPB
ROCL,728,634,Rochester,ROCG,ROCK,CFF,CFD,SUPD

SUPA,812,771,Superior,SUPB,SUPI,ROCJ
SUPB,816,703,Superior,SUPC,SUPA,SUPH,ROCK
SUPC,826,645,Superior,SUPB,SUPD,SUPG
SUPD,796,598,Superior,SUPC,SUPE,ROCL,CFD
SUPE,862,553,Superior,SUPD,SUPM,SUPF,CFC
SUPF,909,602,Superior,SUPE,SUPG,SUPK,SUPJ
SUPG,877,654,Superior,SUPC,SUPF,SUPH,SUPJ
SUPH,880,715,Superior,SUPB,SUPG,SUPI,SUPJ
SUPI,880,766,Superior,SUPA,SUPH,SUPJ
SUPJ,954,680,Superior,SUPI,SUPH,SUPG,SUPF,SUPK,GME,MTKC
SUPK,970,596,Superior,SUPJ,SUPF,SUPL
SUPL,977,539,Superior,SUPK,SUPM
SUPM,912,518,Superior,SUPL,SUPE,CFA,SCF

CFA,842,426,Cannon Falls,CFB,CFC,SUPM,SCE,LCJ
CFB,782,444,Cannon Falls,CFA,CFC,CFD,LCI,LCJ
CFC,808,503,Cannon Falls,CFA,CFB,CFD,SUPE
CFD,718,513,Cannon Falls,CFB,CFC,CFE,CFF,SUPD,ROCL,LCF,LCH,RLM,WBLB
CFE,628,530,Cannon Falls,CFD,CFF,CALA,CALB,LCF
CFF,660,593,Cannon Falls,CFD,CFE,ROCL,ROCG,CALA

LCA,450,410,Lake City,LCB,CALF,CALI,STCE,ITAP,MTKI
LCB,483,398,Lake City,LCA,LCC,CALF,CALE
LCC,528,380,Lake City,LCB,LCD,LCF,RLA,CALE
LCD,566,358,Lake City,LCC,LCE,LCF,LCG
LCE,607,335,Lake City,LCD,LCG,LCL,LCM,STCA
LCF,590,444,Lake City,LCC,LCD,LCG,LCH,CFE,CFD,CALC,CALE
LCG,625,394,Lake City,LCD,LCE,LCF,LCH,LCL,LCK
LCH,668,432,Lake City,LCF,LCG,LCK,LCI,CFD
LCI,745,395,Lake City,LCH,LCJ,LCK,CFB
LCJ,794,359,Lake City,LCI,LCK,CFA,CFB
LCK,725,362,Lake City,LCJ,LCI,LCH,LCG,LCL,LCM,STCC
LCL,665,359,Lake City,LCK,LCG,LCE,LCM
LCM,678,334,Lake City,LCE,LCL,LCK

SCA,811,285,Salems Corner,SCB,SCO,STCC
SCB,857,296,Salems Corner,SCA,SCO,SCC,SCM
SCC,895,321,Salems Corner,SCB,SCM,SCJ,SCD
SCD,911,380,Salems Corner,SCC,SCJ,SCH,SCE
SCE,906,422,Salems Corner,SCD,SCH,SCF,CFA
SCF,933,444,Salems Corner,SCE,SCH,SCG,SUPM
SCG,976,446,Salems Corner,SCF,SCH
SCH,965,398,Salems Corner,SCG,SCF,SCE,SCD,SCJ,SCI
SCI,978,319,Salems Corner,SCH,SCJ,SCK
SCJ,946,341,Salems Corner,SCI,SCH,SCD,SCC,SCL
SCK,976,243,Salems Corner,SCI,SCL,GMD
SCL,936,257,Salems Corner,SCK,SCJ,SCM,SCN,GMC
SCM,889,260,Salems Corner,SCL,SCC,SCB,SCO,SCN
SCN,887,218,Salems Corner,SCL,SCM,SCO,SCP,GMB
SCO,827,246,Salems Corner,SCP,SCN,SCM,SCB,SCA,STCC,STCK
SCP,826,201,Salems Corner,SCN,SCO,STCK,GMA,GMB

GMA,819,144,Grand Marais,GMB,GMF,GME,SCP,STCK,STCJ
GMB,871,156,Grand Marais,GMA,GMC,GME,SCN,SCP
GMC,929,166,Grand Marais,GMB,GMD,GME,SCL
GMD,978,170,Grand Marais,GMC,GME,SCK
GME,920,90,Grand Marais,GMA,GMB,GMC,GMD,GMF,SUPJ,MTKC
GMF,814,77,Grand Marais,GMA,GME,STCJ,STCI

STCA,628,269,St Cloud,STCB,STCD,MNKH,LCE
STCB,692,274,St Cloud,STCA,STCD,STCC
STCC,753,250,St Cloud,STCB,STCD,STCE,STCK,SCA,SCO,LCK
STCD,691,243,St Cloud,STCA,STCB,STCC,STCE
STCE,719,177,St Cloud,STCD,STCC,STCK,STCF,CALI,LCA,MTKI,ITAP
STCF,718,128,St Cloud,STCE,STCK,STCJ,STCG
STCG,713,75,St Cloud,STCF,STCJ,STCI,STCH,MNKD
STCH,696,26,St Cloud,STCG,STCI
STCI,755,40,St Cloud,STCH,STCG,STCJ,GMF
STCJ,765,101,St Cloud,STCI,STCG,STCF,STCK,GMA,GMF
STCK,765,175,St Cloud,STCJ,STCF,STCE,STCC,GMA,SCP,SCO

MNKA,590,24,Mankato,MNKB,MNKC
MNKB,542,25,Mankato,MNKA,MNKC,MNKN
MNKC,569,64,Mankato,MNKA,MNKB,MNKM,MNKL,MNKD
MNKD,590,111,Mankato,MNKC,MNKL,MNKK,MNKG,MNKF,MNKE,STCG
MNKE,634,139,Mankato,MNKD,MNKF
MNKF,623,171,Mankato,MNKE,MNKD,MNKG
MNKG,595,183,Mankato,MNKF,MNKD,MNKK,MNKH
MNKH,571,204,Mankato,MNKG,MNKK,MNKI,STCA
MNKI,541,223,Mankato,MNKH,MNKK,MNKJ,RLM
MNKJ,514,246,Mankato,MNKI,RLA,RLM
MNKK,528,143,Mankato,MNKI,MNKH,MNKG,MNKD,MNKL,RLM
MNKL,508,108,Mankato,MNKK,MNKD,MNKC,MNKM,RLL
MNKM,485,72,Mankato,MNKN,MNKC,MNKL,RLL,RLK
MNKN,461,31,Mankato,MNKB,MNKM,RLI,RLJ

RLA,479,258,Red Lake,RLB,RLM,MNKJ,LCC
RLB,446,278,Red Lake,RLA,RLC,RLM,RLN
RLC,407,270,Red Lake,RLB,RLD,RLN
RLD,387,229,Red Lake,RLC,RLE,RLN
RLE,351,161,Red Lake,RLD,RLN,RLF,MTKI
RLF,327,98,Red Lake,RLE,RLN,RLK,RLJ,RLG
RLG,300,63,Red Lake,RLF,RLJ,RLH
RLH,273,22,Red Lake,RLG,RLI,MTKK
RLI,355,22,Red Lake,RLH,RLJ,MNKN
RLJ,384,56,Red Lake,RLI,RLG,RLF,RLK,MNKN
RLK,406,96,Red Lake,RLJ,RLF,RLN,RLL,MNKM
RLL,434,133,Red Lake,RLK,RLN,RLM,MNKM,MNKL
RLM,455,166,Red Lake,RLL,RLA,RLB,RLN,MNKK,MNKI,MNKJ,WBLB,CFD
RLN,396,172,Red Lake,RLB,RLC,RLD,RLE,RLF,RLK,RLL,RLM